
Memory Configuration

Name             Origin             Length             Attributes
Flash            0x08000000         0x00020000         xr
Sram             0x20000000         0x00005000         xrw
*default*        0x00000000         0xffffffff

Linker script and memory map


.text           0x08000000       0xb8
 *(.vectors*)
 *(.text*)
 .text          0x08000000       0xb8 main.o
                0x08000000                main
                0x080000b8                _E_text = .

.glue_7         0x080000b8        0x0
 .glue_7        0x00000000        0x0 linker stubs

.glue_7t        0x080000b8        0x0
 .glue_7t       0x00000000        0x0 linker stubs

.vfp11_veneer   0x080000b8        0x0
 .vfp11_veneer  0x00000000        0x0 linker stubs

.v4_bx          0x080000b8        0x0
 .v4_bx         0x00000000        0x0 linker stubs

.iplt           0x080000b8        0x0
 .iplt          0x00000000        0x0 main.o

.rel.dyn        0x080000b8        0x0
 .rel.iplt      0x00000000        0x0 main.o

.data           0x20000000        0x4 load address 0x080000b8
                0x20000000                _S_data = .
 *(.data*)
 .data          0x20000000        0x4 main.o
                0x20000000                R_ODR
                0x20000004                _E_data = .

.igot.plt       0x20000004        0x0 load address 0x080000bc
 .igot.plt      0x00000000        0x0 main.o

.bss            0x20000004        0x0 load address 0x080000bc
                0x20000004                _S_bss = .
 *(.bss*)
 .bss           0x20000004        0x0 main.o
                0x20000004                _E_bss = .
                0x20001004                _stack_top = (. + 0x1000)
LOAD main.o
OUTPUT(learn_in_depth_cortex_m3.elf elf32-littlearm)

.debug_info     0x00000000      0x124
 .debug_info    0x00000000      0x124 main.o

.debug_abbrev   0x00000000       0xcc
 .debug_abbrev  0x00000000       0xcc main.o

.debug_loc      0x00000000       0x38
 .debug_loc     0x00000000       0x38 main.o

.debug_aranges  0x00000000       0x20
 .debug_aranges
                0x00000000       0x20 main.o

.debug_line     0x00000000       0x9f
 .debug_line    0x00000000       0x9f main.o

.debug_str      0x00000000      0x100
 .debug_str     0x00000000      0x100 main.o
                                0x13d (size before relaxing)

.comment        0x00000000       0x11
 .comment       0x00000000       0x11 main.o
                                 0x12 (size before relaxing)

.ARM.attributes
                0x00000000       0x33
 .ARM.attributes
                0x00000000       0x33 main.o

.debug_frame    0x00000000       0x2c
 .debug_frame   0x00000000       0x2c main.o
